Expression évaluée : (-6)+-3
Le résultat de l'évaluation de l'expression est : -9