Expression évaluée : 44*2+33+2+44*3+(58+1)
Le résult de l'évaluation de l'expression est : 314
