Expression évaluée : (8*5+3)*6+(3*((3+7)*2))
Le résult de l'évaluation de l'expression est : 318
