Expression évaluée : 10*10
Le résult de l'évaluation de l'expression est : 100
