Expression évaluée : (10+(17+20+(9+8)+1+5*2*19)+6*4+3+0*7*(((14+13*1*8+(3*12+5))+19)+17+2+12*0*(4+11)*20*2+13*3+16+13))
Le résult de l'évaluation de l'expression est : 282
