Expression évaluée : 9 + 8*2 + 10 + -9*5
Le résultat de l'évaluation de l'expression est : -10