Expression évaluée : -6+9
Le résultat de l'évaluation de l'expression est : 3