Expression évaluée : (55)+(54)*55+92+13+((36))
Le résult de l'évaluation de l'expression est : 3166
