Expression évaluée : '
Mauvaise expression syntaxique.
Veuillez réessayer avec une expression valide