Expression évaluée : ((((56))))
Le résult de l'évaluation de l'expression est : 56
