Expression évaluée : 56+97
Le résult de l'évaluation de l'expression est : 153