Expression évaluée : ( 81 ) + 18*(((8))*59 + 14)
Le résultat de l'évaluation de l'expression est : 8829