Expression évaluée : (52)
Le résultat de l'évaluation de l'expression est : 52