Expression évaluée : (((((42))))+42)
Le résultat de l'évaluation de l'expression est : 84
