Expression évaluée : (-6)-3
Mauvaise expression syntaxique.
Veuillez réessayer avec une expression valide