Expression évaluée : ((-6))*4 + 9 + -6 + ((((4)*6)*-2*-3)+1)
Le résultat de l'évaluation de l'expression est : 124