Expression évaluée : ((((49))))+((46))
Le résult de l'évaluation de l'expression est : 95
