Expression évaluée : 44
Le résultat de l'évaluation de l'expression est : 44